  Installing build dependencies: finished with status 'done'
  Getting requirements to build wheel: started
  Getting requirements to build wheel: finished with status 'done'
  Preparing metadata (pyproject.toml): started
  Preparing metadata (pyproject.toml): finished with status 'done'
Collecting django-ratelimit==4.1.0 (from -r requirements.txt (line 29))
  Downloading django_ratelimit-4.1.0-py2.py3-none-any.whl.metadata (2.3 kB)
Collecting django-redis==6.0.0 (from -r requirements.txt (line 30))
  Downloading django_redis-6.0.0-py3-none-any.whl.metadata (32 kB)
Collecting django-timezone-field==7.2.1 (from -r requirements.txt (line 31))
  Downloading django_timezone_field-7.2.1-py3-none-any.whl.metadata (13 kB)
Collecting django_celery_results==2.6.0 (from -r requirements.txt (line 32))
  Downloading django_celery_results-2.6.0-py3-none-any.whl.metadata (6.5 kB)
Collecting djangorestframework==3.16.1 (from -r requirements.txt (line 33))
  Downloading djangorestframework-3.16.1-py3-none-any.whl.metadata (11 kB)
Collecting djangorestframework_simplejwt==5.5.1 (from -r requirements.txt (line 34))
  Downloading djangorestframework_simplejwt-5.5.1-py3-none-any.whl.metadata (4.6 kB)
Collecting drf-yasg==1.21.14 (from -r requirements.txt (line 35))
  Downloading drf_yasg-1.21.14-py3-none-any.whl.metadata (17 kB)
Collecting frozenlist==1.8.0 (from -r requirements.txt (line 36))
  Downloading frozenlist-1.8.0-cp313-cp313-manylinux1_x86_64.manylinux_2_28_x86_64.manylinux_2_5_x86_64.whl.metadata (20 kB)
Collecting gql==4.0.0 (from -r requirements.txt (line 37))
  Downloading gql-4.0.0-py3-none-any.whl.metadata (10 kB)
Collecting graphene==3.4.3 (from -r requirements.txt (line 38))
  Downloading graphene-3.4.3-py2.py3-none-any.whl.metadata (6.9 kB)
Collecting graphene-django==3.2.3 (from -r requirements.txt (line 39))
  Downloading graphene_django-3.2.3-py2.py3-none-any.whl.metadata (8.2 kB)
Collecting graphql-core==3.2.7 (from -r requirements.txt (line 40))
  Downloading graphql_core-3.2.7-py3-none-any.whl.metadata (11 kB)
Collecting graphql-relay==3.2.0 (from -r requirements.txt (line 41))
  Downloading graphql_relay-3.2.0-py3-none-any.whl.metadata (12 kB)
Collecting gunicorn==25.0.3 (from -r requirements.txt (line 42))
  Downloading gunicorn-25.0.3-py3-none-any.whl.metadata (5.5 kB)
Collecting h11==0.16.0 (from -r requirements.txt (line 43))
  Downloading h11-0.16.0-py3-none-any.whl.metadata (8.3 kB)
Collecting httpcore==1.0.9 (from -r requirements.txt (line 44))
  Downloading httpcore-1.0.9-py3-none-any.whl.metadata (21 kB)
Collecting httpx==0.28.1 (from -r requirements.txt (line 45))
  Downloading httpx-0.28.1-py3-none-any.whl.metadata (7.1 kB)
Collecting idna==3.11 (from -r requirements.txt (line 46))
  Downloading idna-3.11-py3-none-any.whl.metadata (8.4 kB)
Collecting inflection==0.5.1 (from -r requirements.txt (line 47))
  Downloading inflection-0.5.1-py2.py3-none-any.whl.metadata (1.7 kB)
Collecting jmespath==1.0.1 (from -r requirements.txt (line 48))
  Downloading jmespath-1.0.1-py3-none-any.whl.metadata (7.6 kB)
Collecting kombu==5.6.2 (from -r requirements.txt (line 49))
  Downloading kombu-5.6.2-py3-none-any.whl.metadata (3.5 kB)
Collecting multidict==6.7.0 (from -r requirements.txt (line 50))
  Downloading multidict-6.7.0-cp313-cp313-manylinux2014_x86_64.manylinux_2_17_x86_64.manylinux_2_28_x86_64.whl.metadata (5.3 kB)
Collecting packaging==25.0 (from -r requirements.txt (line 51))
  Downloading packaging-25.0-py3-none-any.whl.metadata (3.3 kB)
Collecting parameterized==0.9.0 (from -r requirements.txt (line 52))
  Downloading parameterized-0.9.0-py2.py3-none-any.whl.metadata (18 kB)
Collecting promise==2.3 (from -r requirements.txt (line 53))
  Downloading promise-2.3.tar.gz (19 kB)
  Installing build dependencies: started
  Installing build dependencies: finished with status 'done'
  Getting requirements to build wheel: started
  Getting requirements to build wheel: finished with status 'done'
  Preparing metadata (pyproject.toml): started
  Preparing metadata (pyproject.toml): finished with status 'done'
Collecting prompt_toolkit==3.0.52 (from -r requirements.txt (line 54))
  Downloading prompt_toolkit-3.0.52-py3-none-any.whl.metadata (6.4 kB)
Collecting propcache==0.4.1 (from -r requirements.txt (line 55))
  Downloading propcache-0.4.1-cp313-cp313-manylinux2014_x86_64.manylinux_2_17_x86_64.manylinux_2_28_x86_64.whl.metadata (13 kB)
Collecting psycopg2-binary==2.9.11 (from -r requirements.txt (line 56))
  Downloading psycopg2_binary-2.9.11-cp313-cp313-manylinux2014_x86_64.manylinux_2_17_x86_64.whl.metadata (4.9 kB)
Collecting PyJWT==2.10.1 (from -r requirements.txt (line 57))
  Downloading PyJWT-2.10.1-py3-none-any.whl.metadata (4.0 kB)
Collecting python-crontab==3.3.0 (from -r requirements.txt (line 58))
  Downloading python_crontab-3.3.0-py3-none-any.whl.metadata (17 kB)
Collecting python-dateutil==2.9.0.post0 (from -r requirements.txt (line 59))
  Downloading python_dateutil-2.9.0.post0-py2.py3-none-any.whl.metadata (8.4 kB)
Collecting pytz==2025.2 (from -r requirements.txt (line 60))
  Downloading pytz-2025.2-py2.py3-none-any.whl.metadata (22 kB)
Collecting PyYAML==6.0.3 (from -r requirements.txt (line 61))
  Downloading pyyaml-6.0.3-cp313-cp313-manylinux2014_x86_64.manylinux_2_17_x86_64.manylinux_2_28_x86_64.whl.metadata (2.4 kB)
Collecting redis==7.1.0 (from -r requirements.txt (line 62))
  Downloading redis-7.1.0-py3-none-any.whl.metadata (12 kB)
Collecting requests==2.32.5 (from -r requirements.txt (line 63))
  Downloading requests-2.32.5-py3-none-any.whl.metadata (4.9 kB)
Collecting requests-toolbelt==1.0.0 (from -r requirements.txt (line 64))
  Downloading requests_toolbelt-1.0.0-py2.py3-none-any.whl.metadata (14 kB)
Collecting six==1.17.0 (from -r requirements.txt (line 65))
  Downloading six-1.17.0-py2.py3-none-any.whl.metadata (1.7 kB)
Collecting sqlparse==0.5.4 (from -r requirements.txt (line 66))
  Downloading sqlparse-0.5.4-py3-none-any.whl.metadata (4.7 kB)
Collecting text-unidecode==1.3 (from -r requirements.txt (line 67))
  Downloading text_unidecode-1.3-py2.py3-none-any.whl.metadata (2.4 kB)
Collecting typing_extensions==4.15.0 (from -r requirements.txt (line 68))
  Downloading typing_extensions-4.15.0-py3-none-any.whl.metadata (3.3 kB)
Collecting tzdata==2025.3 (from -r requirements.txt (line 69))
  Downloading tzdata-2025.3-py2.py3-none-any.whl.metadata (1.4 kB)
Collecting tzlocal==5.3.1 (from -r requirements.txt (line 70))
  Downloading tzlocal-5.3.1-py3-none-any.whl.metadata (7.6 kB)
Collecting uritemplate==4.2.0 (from -r requirements.txt (line 71))
  Downloading uritemplate-4.2.0-py3-none-any.whl.metadata (2.6 kB)
Collecting urllib3==2.5.0 (from -r requirements.txt (line 72))
  Downloading urllib3-2.5.0-py3-none-any.whl.metadata (6.5 kB)
Collecting vine==5.1.0 (from -r requirements.txt (line 73))
  Downloading vine-5.1.0-py3-none-any.whl.metadata (2.7 kB)
Collecting wcwidth==0.2.14 (from -r requirements.txt (line 74))
  Downloading wcwidth-0.2.14-py2.py3-none-any.whl.metadata (15 kB)
Collecting websockets==15.0.1 (from -r requirements.txt (line 75))
  Downloading websockets-15.0.1-cp313-cp313-manylinux_2_5_x86_64.manylinux1_x86_64.manylinux_2_17_x86_64.manylinux2014_x86_64.whl.metadata (6.8 kB)
Collecting whitenoise==6.11.0 (from -r requirements.txt (line 76))
  Downloading whitenoise-6.11.0-py3-none-any.whl.metadata (3.7 kB)
Collecting yarl==1.22.0 (from -r requirements.txt (line 77))
  Downloading yarl-1.22.0-cp313-cp313-manylinux2014_x86_64.manylinux_2_17_x86_64.manylinux_2_28_x86_64.whl.metadata (75 kB)
Downloading aiofiles-25.1.0-py3-none-any.whl (14 kB)
Downloading aiohappyeyeballs-2.6.1-py3-none-any.whl (15 kB)
Downloading aiohttp-3.13.3-cp313-cp313-manylinux2014_x86_64.manylinux_2_17_x86_64.manylinux_2_28_x86_64.whl (1.7 MB)
   ━━━━━━━━━━━━━━━━━━━━━━━━━━━━━━━━━━━━━━━━ 1.7/1.7 MB 25.9 MB/s eta 0:00:00
Downloading multidict-6.7.0-cp313-cp313-manylinux2014_x86_64.manylinux_2_17_x86_64.manylinux_2_28_x86_64.whl (254 kB)
Downloading yarl-1.22.0-cp313-cp313-manylinux2014_x86_64.manylinux_2_17_x86_64.manylinux_2_28_x86_64.whl (377 kB)
Downloading aiosignal-1.4.0-py3-none-any.whl (7.5 kB)
Downloading amqp-5.3.1-py3-none-any.whl (50 kB)
Downloading vine-5.1.0-py3-none-any.whl (9.6 kB)
Downloading anyio-4.12.1-py3-none-any.whl (113 kB)
Downloading asgiref-3.11.0-py3-none-any.whl (24 kB)
Downloading attrs-25.4.0-py3-none-any.whl (67 kB)
Downloading backoff-2.2.1-py3-none-any.whl (15 kB)
Downloading billiard-4.2.4-py3-none-any.whl (87 kB)
Downloading botocore-1.42.25-py3-none-any.whl (14.6 MB)
   ━━━━━━━━━━━━━━━━━━━━━━━━━━━━━━━━━━━━━━━━ 14.6/14.6 MB 156.6 MB/s eta 0:00:00
Downloading jmespath-1.0.1-py3-none-any.whl (20 kB)
Downloading python_dateutil-2.9.0.post0-py2.py3-none-any.whl (229 kB)
Downloading urllib3-2.5.0-py3-none-any.whl (129 kB)
Downloading brotli-1.2.0-cp313-cp313-manylinux2014_x86_64.manylinux_2_17_x86_64.whl (1.4 MB)
   ━━━━━━━━━━━━━━━━━━━━━━━━━━━━━━━━━━━━━━━━ 1.4/1.4 MB 36.0 MB/s eta 0:00:00
Downloading celery-5.6.2-py3-none-any.whl (445 kB)
Downloading click-8.3.1-py3-none-any.whl (108 kB)
Downloading certifi-2025.11.12-py3-none-any.whl (159 kB)
Downloading charset_normalizer-3.4.4-cp313-cp313-manylinux2014_x86_64.manylinux_2_17_x86_64.manylinux_2_28_x86_64.whl (153 kB)
Downloading click_didyoumean-0.3.1-py3-none-any.whl (3.6 kB)
Downloading click_plugins-1.1.1.2-py2.py3-none-any.whl (11 kB)
Downloading click_repl-0.3.0-py3-none-any.whl (10 kB)
Downloading cron_descriptor-2.0.6-py3-none-any.whl (74 kB)
Downloading django-5.2.10-py3-none-any.whl (8.3 MB)
   ━━━━━━━━━━━━━━━━━━━━━━━━━━━━━━━━━━━━━━━━ 8.3/8.3 MB 128.8 MB/s eta 0:00:00
Downloading django_celery_beat-2.8.1-py3-none-any.whl (104 kB)
Downloading django_cors_headers-4.9.0-py3-none-any.whl (12 kB)
Downloading django_environ-0.12.0-py2.py3-none-any.whl (19 kB)
Downloading django_extensions-4.1-py3-none-any.whl (232 kB)
Downloading django_filter-25.2-py3-none-any.whl (94 kB)
Downloading django_ratelimit-4.1.0-py2.py3-none-any.whl (11 kB)
Downloading django_redis-6.0.0-py3-none-any.whl (33 kB)
Downloading django_timezone_field-7.2.1-py3-none-any.whl (13 kB)
Downloading django_celery_results-2.6.0-py3-none-any.whl (38 kB)
Downloading djangorestframework-3.16.1-py3-none-any.whl (1.1 MB)
   ━━━━━━━━━━━━━━━━━━━━━━━━━━━━━━━━━━━━━━━━ 1.1/1.1 MB 47.6 MB/s eta 0:00:00
Downloading djangorestframework_simplejwt-5.5.1-py3-none-any.whl (107 kB)
Downloading drf_yasg-1.21.14-py3-none-any.whl (4.9 MB)
   ━━━━━━━━━━━━━━━━━━━━━━━━━━━━━━━━━━━━━━━━ 4.9/4.9 MB 83.8 MB/s eta 0:00:00
Downloading frozenlist-1.8.0-cp313-cp313-manylinux1_x86_64.manylinux_2_28_x86_64.manylinux_2_5_x86_64.whl (234 kB)
Downloading gql-4.0.0-py3-none-any.whl (89 kB)
Downloading graphql_core-3.2.7-py3-none-any.whl (207 kB)
Downloading graphene-3.4.3-py2.py3-none-any.whl (114 kB)
Downloading graphql_relay-3.2.0-py3-none-any.whl (16 kB)
Downloading typing_extensions-4.15.0-py3-none-any.whl (44 kB)
Downloading graphene_django-3.2.3-py2.py3-none-any.whl (114 kB)
Downloading gunicorn-25.0.3-py3-none-any.whl (171 kB)
Downloading h11-0.16.0-py3-none-any.whl (37 kB)
Downloading httpcore-1.0.9-py3-none-any.whl (78 kB)
Downloading httpx-0.28.1-py3-none-any.whl (73 kB)
Downloading idna-3.11-py3-none-any.whl (71 kB)
Downloading inflection-0.5.1-py2.py3-none-any.whl (9.5 kB)
Downloading kombu-5.6.2-py3-none-any.whl (214 kB)
Downloading packaging-25.0-py3-none-any.whl (66 kB)
Downloading parameterized-0.9.0-py2.py3-none-any.whl (20 kB)
Downloading prompt_toolkit-3.0.52-py3-none-any.whl (391 kB)
Downloading propcache-0.4.1-cp313-cp313-manylinux2014_x86_64.manylinux_2_17_x86_64.manylinux_2_28_x86_64.whl (204 kB)
Downloading psycopg2_binary-2.9.11-cp313-cp313-manylinux2014_x86_64.manylinux_2_17_x86_64.whl (4.2 MB)
   ━━━━━━━━━━━━━━━━━━━━━━━━━━━━━━━━━━━━━━━━ 4.2/4.2 MB 113.4 MB/s eta 0:00:00
Downloading PyJWT-2.10.1-py3-none-any.whl (22 kB)
Downloading python_crontab-3.3.0-py3-none-any.whl (27 kB)
Downloading pytz-2025.2-py2.py3-none-any.whl (509 kB)
Downloading pyyaml-6.0.3-cp313-cp313-manylinux2014_x86_64.manylinux_2_17_x86_64.manylinux_2_28_x86_64.whl (801 kB)
   ━━━━━━━━━━━━━━━━━━━━━━━━━━━━━━━━━━━━━━━━ 801.6/801.6 kB 28.1 MB/s eta 0:00:00
Downloading redis-7.1.0-py3-none-any.whl (354 kB)
Downloading requests-2.32.5-py3-none-any.whl (64 kB)
Downloading requests_toolbelt-1.0.0-py2.py3-none-any.whl (54 kB)
Downloading six-1.17.0-py2.py3-none-any.whl (11 kB)
Downloading sqlparse-0.5.4-py3-none-any.whl (45 kB)
Downloading text_unidecode-1.3-py2.py3-none-any.whl (78 kB)
Downloading tzdata-2025.3-py2.py3-none-any.whl (348 kB)
Downloading tzlocal-5.3.1-py3-none-any.whl (18 kB)
Downloading uritemplate-4.2.0-py3-none-any.whl (11 kB)
Downloading wcwidth-0.2.14-py2.py3-none-any.whl (37 kB)
Downloading websockets-15.0.1-cp313-cp313-manylinux_2_5_x86_64.manylinux1_x86_64.manylinux_2_17_x86_64.manylinux2014_x86_64.whl (182 kB)
Downloading whitenoise-6.11.0-py3-none-any.whl (20 kB)
Building wheels for collected packages: django-crontab, django-ip-geolocation, promise
  Building wheel for django-crontab (pyproject.toml): started
  Building wheel for django-crontab (pyproject.toml): finished with status 'done'
  Created wheel for django-crontab: filename=django_crontab-0.7.1-py2.py3-none-any.whl size=7735 sha256=260c55b0f6eb83a85760ebda5a3a0d3e2993705d0905b31784a2f9df46df5590
  Stored in directory: /opt/render/.cache/wheels/a4/d8/d1/c12ac5bda6d47e44d1ce0b4cf99d1e98ca1330b6cb91339159
  Building wheel for django-ip-geolocation (pyproject.toml): started
  Building wheel for django-ip-geolocation (pyproject.toml): finished with status 'done'
  Created wheel for django-ip-geolocation: filename=django_ip_geolocation-1.6.1-py2.py3-none-any.whl size=10450 sha256=c71f8c21bcfac98425c660c30293bb7d76e627dbe821211287e616e7178d3314
  Stored in directory: /opt/render/.cache/wheels/55/08/37/59599404165aa234102badbd72cf7fe3fc77d15f2ae057ec83
  Building wheel for promise (pyproject.toml): started
  Building wheel for promise (pyproject.toml): finished with status 'done'
  Created wheel for promise: filename=promise-2.3-py3-none-any.whl size=21580 sha256=15014a0789fbbf2285e16744a1d56592772beacd3211e3e5a1860e26f0898cca
  Stored in directory: /opt/render/.cache/wheels/8f/46/1c/1f4e5d73a20eb816ead5014e97cdeb3928cf314fc46c7bab61
Successfully built django-crontab django-ip-geolocation promise
Installing collected packages: text-unidecode, pytz, python-crontab, brotli, whitenoise, websockets, wcwidth, vine, urllib3, uritemplate, tzlocal, tzdata, typing_extensions, sqlparse, six, redis, PyYAML, PyJWT, psycopg2-binary, propcache, parameterized, packaging, multidict, jmespath, inflection, idna, h11, graphql-core, frozenlist, django-ratelimit, django-environ, click, charset-normalizer, certifi, billiard, backoff, attrs, asgiref, aiohappyeyeballs, aiofiles, yarl, requests, python-dateutil, prompt_toolkit, promise, httpcore, gunicorn, graphql-relay, Django, cron_descriptor, click-plugins, click-didyoumean, anyio, amqp, aiosignal, requests-toolbelt, kombu, httpx, graphene, gql, djangorestframework, django-timezone-field, django-redis, django-ip-geolocation, django-filter, django-extensions, django-crontab, django-cors-headers, click-repl, botocore, aiohttp, graphene-django, drf-yasg, djangorestframework_simplejwt, celery, django_celery_results, django-celery-beat
Successfully installed Django-5.2.10 PyJWT-2.10.1 PyYAML-6.0.3 aiofiles-25.1.0 aiohappyeyeballs-2.6.1 aiohttp-3.13.3 aiosignal-1.4.0 amqp-5.3.1 anyio-4.12.1 asgiref-3.11.0 attrs-25.4.0 backoff-2.2.1 billiard-4.2.4 botocore-1.42.25 brotli-1.2.0 celery-5.6.2 certifi-2025.11.12 charset-normalizer-3.4.4 click-8.3.1 click-didyoumean-0.3.1 click-plugins-1.1.1.2 click-repl-0.3.0 cron_descriptor-2.0.6 django-celery-beat-2.8.1 django-cors-headers-4.9.0 django-crontab-0.7.1 django-environ-0.12.0 django-extensions-4.1 django-filter-25.2 django-ip-geolocation-1.6.1 django-ratelimit-4.1.0 django-redis-6.0.0 django-timezone-field-7.2.1 django_celery_results-2.6.0 djangorestframework-3.16.1 djangorestframework_simplejwt-5.5.1 drf-yasg-1.21.14 frozenlist-1.8.0 gql-4.0.0 graphene-3.4.3 graphene-django-3.2.3 graphql-core-3.2.7 graphql-relay-3.2.0 gunicorn-25.0.3 h11-0.16.0 httpcore-1.0.9 httpx-0.28.1 idna-3.11 inflection-0.5.1 jmespath-1.0.1 kombu-5.6.2 multidict-6.7.0 packaging-25.0 parameterized-0.9.0 promise-2.3 prompt_toolkit-3.0.52 propcache-0.4.1 psycopg2-binary-2.9.11 python-crontab-3.3.0 python-dateutil-2.9.0.post0 pytz-2025.2 redis-7.1.0 requests-2.32.5 requests-toolbelt-1.0.0 six-1.17.0 sqlparse-0.5.4 text-unidecode-1.3 typing_extensions-4.15.0 tzdata-2025.3 tzlocal-5.3.1 uritemplate-4.2.0 urllib3-2.5.0 vine-5.1.0 wcwidth-0.2.14 websockets-15.0.1 whitenoise-6.11.0 yarl-1.22.0
[notice] A new release of pip is available: 25.1.1 -> 26.0.1
[notice] To update, run: pip install --upgrade pip
Traceback (most recent call last):
  File "/opt/render/project/src/manage.py", line 22, in <module>
    main()
    ~~~~^^
  File "/opt/render/project/src/manage.py", line 18, in main
    execute_from_command_line(sys.argv)
    ~~~~~~~~~~~~~~~~~~~~~~~~~^^^^^^^^^^
  File "/opt/render/project/src/.venv/lib/python3.13/site-packages/django/core/management/__init__.py", line 442, in execute_from_command_line
    utility.execute()
    ~~~~~~~~~~~~~~~^^
  File "/opt/render/project/src/.venv/lib/python3.13/site-packages/django/core/management/__init__.py", line 436, in execute
    self.fetch_command(subcommand).run_from_argv(self.argv)
    ~~~~~~~~~~~~~~~~~~~~~~~~~~~~~~~~~~~~~~~~~~~~^^^^^^^^^^^
  File "/opt/render/project/src/.venv/lib/python3.13/site-packages/django/core/management/base.py", line 420, in run_from_argv
    self.execute(*args, **cmd_options)
    ~~~~~~~~~~~~^^^^^^^^^^^^^^^^^^^^^^
  File "/opt/render/project/src/.venv/lib/python3.13/site-packages/django/core/management/base.py", line 464, in execute
    output = self.handle(*args, **options)
  File "/opt/render/project/src/.venv/lib/python3.13/site-packages/django/contrib/staticfiles/management/commands/collectstatic.py", line 209, in handle
    collected = self.collect()
  File "/opt/render/project/src/.venv/lib/python3.13/site-packages/django/contrib/staticfiles/management/commands/collectstatic.py", line 135, in collect
    handler(path, prefixed_path, storage)
    ~~~~~~~^^^^^^^^^^^^^^^^^^^^^^^^^^^^^^
  File "/opt/render/project/src/.venv/lib/python3.13/site-packages/django/contrib/staticfiles/management/commands/collectstatic.py", line 368, in copy_file
    if not self.delete_file(path, prefixed_path, source_storage):
           ~~~~~~~~~~~~~~~~^^^^^^^^^^^^^^^^^^^^^^^^^^^^^^^^^^^^^
  File "/opt/render/project/src/.venv/lib/python3.13/site-packages/django/contrib/staticfiles/management/commands/collectstatic.py", line 278, in delete_file
    if self.storage.exists(prefixed_path):
       ~~~~~~~~~~~~~~~~~~~^^^^^^^^^^^^^^^
  File "/opt/render/project/src/.venv/lib/python3.13/site-packages/django/core/files/storage/filesystem.py", line 206, in exists
    return os.path.lexists(self.path(name))
                           ~~~~~~~~~^^^^^^
  File "/opt/render/project/src/.venv/lib/python3.13/site-packages/django/contrib/staticfiles/storage.py", line 39, in path
    raise ImproperlyConfigured(
    ...<3 lines>...
    )
django.core.exceptions.ImproperlyConfigured: You're using the staticfiles app without having set the STATIC_ROOT setting to a filesystem path.
==> Build failed 😞
==> Common ways to troubleshoot your deploy: https://render.com/docs/troubleshooting-deploys
Menu